Circuit: * Z:\home\monezemax\UTN\CuartoAnio\Teoria de los circuitos 2\TC2\tarea2\tarea2_normalizado.asc

Ignoring empty pin current: Ix(u1:1)
Ignoring empty pin current: Ix(u1:2)
Ignoring empty pin current: Ix(u2:1)
Ignoring empty pin current: Ix(u2:2)
Ignoring empty pin current: Ix(u3:1)
Ignoring empty pin current: Ix(u3:2)
Ignoring empty pin current: Ix(u4:1)
Ignoring empty pin current: Ix(u4:2)
Ignoring empty pin current: Ix(u5:1)
Ignoring empty pin current: Ix(u5:2)
Ignoring empty pin current: Ix(u6:1)
Ignoring empty pin current: Ix(u6:2)

Date: Mon May 25 23:51:59 2026
Total elapsed time: 0.015 seconds.

tnom = 27
temp = 27
method = trap
totiter = 0
traniter = 0
tranpoints = 0
accept = 0
rejected = 0
matrix size = 15
fillins = 13
solver = Normal

