Circuit: * Z:\home\monezemax\UTN\CuartoAnio\Teoria de los circuitos 2\TC2\laboratorio_1\Spice\laboratorio1.asc

Direct Newton iteration for .op point succeeded.

r1_val: 1252.20254202907=(61.9535dB,0°)
r2_val: 865.27195654209=(58.7431dB,0°)
r3_val: 1252.20254202907=(61.9535dB,0°)
r4_val: 1000=(60dB,0°)
c_val: 1e-008=(-160dB,0°)


Date: Sun Jun 21 11:27:36 2026
Total elapsed time: 0.029 seconds.

tnom = 27
temp = 27
method = trap
totiter = 11
traniter = 0
tranpoints = 0
accept = 0
rejected = 0
matrix size = 103
fillins = 115
solver = Normal
Matrix Compiler1:     562 opcodes
Matrix Compiler2: 10.68 KB object code size
